```sh
[root@nananhdp01 ~]# uptime 
 11:59:07 up 19:05,  3 users,  load average: 0.06, 0.03, 0.05
[root@nananhdp01 ~]# last reboot
reboot   system boot  3.10.0-327.13.1. Wed Nov 21 16:53 - 11:59  (19:05)    
reboot   system boot  3.10.0-327.13.1. Mon Nov 19 14:03 - 11:59 (2+21:56)   
reboot   system boot  3.10.0-327.13.1. Thu Nov 15 17:30 - 11:59 (6+18:28)   
reboot   system boot  3.10.0-327.13.1. Wed Nov 14 10:42 - 11:59 (8+01:16)   
reboot   system boot  3.10.0-327.13.1. Wed Nov 14 09:44 - 09:50  (00:05)    

wtmp begins Wed Nov 14 09:44:18 2018

[root@nananhdp01 ~]# vim /var/log/messages
Nov 21 16:45:37 nananhdp01 dbus-daemon: dbus[783]: [system] Activating service name='org.freedesktop.problems' (using servicehelper)
Nov 21 16:45:37 nananhdp01 dbus[783]: [system] Successfully activated service 'org.freedesktop.problems'
Nov 21 16:45:37 nananhdp01 dbus-daemon: dbus[783]: [system] Successfully activated service 'org.freedesktop.problems'
Nov 21 16:46:01 nananhdp01 systemd: Started Session 6454 of user root.
Nov 21 16:46:01 nananhdp01 systemd: Starting Session 6454 of user root.
Nov 21 16:46:01 nananhdp01 systemd: Started Session 6455 of user root.
Nov 21 16:46:01 nananhdp01 systemd: Starting Session 6455 of user root.
Nov 21 16:47:01 nananhdp01 systemd: Started Session 6456 of user root.
Nov 21 16:47:01 nananhdp01 systemd: Starting Session 6456 of user root.
Nov 21 16:47:01 nananhdp01 systemd: Started Session 6457 of user root.
Nov 21 16:47:01 nananhdp01 systemd: Starting Session 6457 of user root.
Nov 21 16:48:01 nananhdp01 systemd: Started Session 6459 of user root.
Nov 21 16:48:01 nananhdp01 systemd: Starting Session 6459 of user root.
Nov 21 16:48:01 nananhdp01 systemd: Started Session 6458 of user root.
Nov 21 16:48:01 nananhdp01 systemd: Starting Session 6458 of user root.
Nov 21 16:49:01 nananhdp01 systemd: Started Session 6461 of user root.
Nov 21 16:49:01 nananhdp01 systemd: Starting Session 6461 of user root.
Nov 21 16:49:01 nananhdp01 systemd: Started Session 6460 of user root.
Nov 21 16:49:01 nananhdp01 systemd: Starting Session 6460 of user root.
Nov 21 16:49:20 nananhdp01 systemd-logind: New session 6462 of user root.
Nov 21 16:49:20 nananhdp01 systemd: Started Session 6462 of user root.
Nov 21 16:49:20 nananhdp01 systemd: Starting Session 6462 of user root.
Nov 21 16:50:01 nananhdp01 systemd: Started Session 6464 of user root.
Nov 21 16:50:01 nananhdp01 systemd: Starting Session 6464 of user root.
Nov 21 16:50:01 nananhdp01 systemd: Started Session 6463 of user root.
Nov 21 16:50:01 nananhdp01 systemd: Starting Session 6463 of user root.
Nov 21 16:50:01 nananhdp01 systemd: Started Session 6465 of user root.
Nov 21 16:50:01 nananhdp01 systemd: Starting Session 6465 of user root.
Nov 21 16:51:01 nananhdp01 systemd: Started Session 6466 of user root.
Nov 21 16:51:01 nananhdp01 systemd: Starting Session 6466 of user root.
Nov 21 16:51:01 nananhdp01 systemd: Started Session 6467 of user root.
Nov 21 16:51:01 nananhdp01 systemd: Starting Session 6467 of user root.
Nov 21 16:53:57 nananhdp01 rsyslogd: [origin software="rsyslogd" swVersion="7.4.7" x-pid="775" x-info="http://www.rsyslog.com"] start
Nov 21 16:53:34 nananhdp01 journal: Runtime journal is using 8.0M (max allowed 791.4M, trying to leave 1.1G free of 7.7G available → current limit 791.4M).
Nov 21 16:53:34 nananhdp01 kernel: CPU0 microcode updated early to revision 0x1c, date = 2014-07-03
Nov 21 16:53:34 nananhdp01 kernel: Initializing cgroup subsys cpuset
Nov 21 16:53:34 nananhdp01 kernel: Initializing cgroup subsys cpu
Nov 21 16:53:34 nananhdp01 kernel: Initializing cgroup subsys cpuacct
Nov 21 16:53:34 nananhdp01 kernel: Linux version 3.10.0-327.13.1.el7.x86_64 (builder@kbuilder.dev.centos.org) (gcc version 4.8.3 20140911 (Red Hat 4.8.3-9) (GCC) ) #1 SMP Thu Mar 31 16:04:38 UTC 2016
Nov 21 16:53:34 nananhdp01 kernel: Command line: BOOT_IMAGE=/vmlinuz-3.10.0-327.13.1.el7.x86_64 root=/dev/mapper/centos-root ro crashkernel=auto rd.lvm.lv=centos/root rd.lvm.lv=centos/swap rhgb quiet LANG=en_US.UTF-8
Nov 21 16:53:34 nananhdp01 kernel: e820: BIOS-provided physical RAM map:
Nov 21 16:53:34 nananhdp01 kernel: BIOS-e820: [mem 0x0000000000000000-0x000000000009d7ff] usable
Nov 21 16:53:34 nananhdp01 kernel: BIOS-e820: [mem 0x000000000009d800-0x000000000009ffff] reserved
Nov 21 16:53:34 nananhdp01 kernel: BIOS-e820: [mem 0x00000000000e0000-0x00000000000fffff] reserved
Nov 21 16:53:34 nananhdp01 kernel: BIOS-e820: [mem 0x0000000000100000-0x00000000bda86fff] usable
Nov 21 16:53:34 nananhdp01 kernel: BIOS-e820: [mem 0x00000000bda87000-0x00000000bda8dfff] ACPI NVS
Nov 21 16:53:34 nananhdp01 kernel: BIOS-e820: [mem 0x00000000bda8e000-0x00000000bdeeafff] usable
Nov 21 16:53:34 nananhdp01 kernel: BIOS-e820: [mem 0x00000000bdeeb000-0x00000000be32cfff] reserved
Nov 21 16:53:34 nananhdp01 kernel: BIOS-e820: [mem 0x00000000be32d000-0x00000000dda8efff] usable
Nov 21 16:53:34 nananhdp01 kernel: BIOS-e820: [mem 0x00000000dda8f000-0x00000000ddb1ffff] reserved
Nov 21 16:53:34 nananhdp01 kernel: BIOS-e820: [mem 0x00000000ddb20000-0x00000000ddb3bfff] ACPI data
Nov 21 16:53:34 nananhdp01 kernel: BIOS-e820: [mem 0x00000000ddb3c000-0x00000000de064fff] ACPI NVS
Nov 21 16:53:34 nananhdp01 kernel: BIOS-e820: [mem 0x00000000de065000-0x00000000deffefff] reserved
Nov 21 16:53:34 nananhdp01 kernel: BIOS-e820: [mem 0x00000000defff000-0x00000000deffffff] usable
Nov 21 16:53:34 nananhdp01 kernel: BIOS-e820: [mem 0x00000000f8000000-0x00000000fbffffff] reserved
Nov 21 16:53:34 nananhdp01 kernel: BIOS-e820: [mem 0x00000000fec00000-0x00000000fec00fff] reserved
Nov 21 16:53:34 nananhdp01 kernel: BIOS-e820: [mem 0x00000000fed00000-0x00000000fed03fff] reserved
Nov 21 16:53:34 nananhdp01 kernel: BIOS-e820: [mem 0x00000000fed1c000-0x00000000fed1ffff] reserved
Nov 21 16:53:34 nananhdp01 kernel: BIOS-e820: [mem 0x00000000fee00000-0x00000000fee00fff] reserved
Nov 21 16:53:34 nananhdp01 kernel: BIOS-e820: [mem 0x00000000ff000000-0x00000000ffffffff] reserved
Nov 21 16:53:34 nananhdp01 kernel: BIOS-e820: [mem 0x0000000100000000-0x000000041effffff] usable
Nov 21 16:53:34 nananhdp01 kernel: NX (Execute Disable) protection: active
Nov 21 16:53:34 nananhdp01 kernel: SMBIOS 2.8 present.
Nov 21 16:53:34 nananhdp01 kernel: AGP: No AGP bridge found
Nov 21 16:53:34 nananhdp01 kernel: e820: last_pfn = 0x41f000 max_arch_pfn = 0x400000000
Nov 21 16:53:34 nananhdp01 kernel: x86 PAT enabled: cpu 0, old 0x7040600070406, new 0x7010600070106
Nov 21 16:53:34 nananhdp01 kernel: total RAM covered: 16368M
Nov 21 16:53:34 nananhdp01 kernel: Found optimal setting for mtrr clean up

[root@nananhdp01 ~]# ll /var/log/boot.log 
-rw-r--r-- 1 root root 14995 Nov 21 16:54 /var/log/boot.log


vim /var/crash/127.0.0.1-2018-11-22-13\:13\:19/vmcore-dmesg.txt

[root@nananhdp01 ~]# sensors
acpitz-virtual-0
Adapter: Virtual device
temp1:        +27.8°C  (crit = +105.0°C)
temp2:        +29.8°C  (crit = +105.0°C)

nouveau-pci-0100
Adapter: PCI adapter
temp1:        +41.0°C  (high = +95.0°C, hyst =  +3.0°C)
                       (crit = +105.0°C, hyst =  +5.0°C)
                       (emerg = +135.0°C, hyst =  +5.0°C)

coretemp-isa-0000
Adapter: ISA adapter
Physical id 0:  +38.0°C  (high = +80.0°C, crit = +100.0°C)
Core 0:         +29.0°C  (high = +80.0°C, crit = +100.0°C)
Core 1:         +31.0°C  (high = +80.0°C, crit = +100.0°C)
Core 2:         +38.0°C  (high = +80.0°C, crit = +100.0°C)
Core 3:         +30.0°C  (high = +80.0°C, crit = +100.0°C)



[root@nananhdp01 ~]# last reboot
reboot   system boot  3.10.0-327.13.1. Fri Nov 23 05:02 - 10:18  (05:16)    ----异常重启
reboot   system boot  3.10.0-327.13.1. Fri Nov 23 04:39 - 10:18  (05:39)    ----异常重启
reboot   system boot  3.10.0-327.13.1. Thu Nov 22 21:00 - 10:18  (13:18)      -----异常重启
reboot   system boot  3.10.0-327.13.1. Thu Nov 22 18:02 - 10:18  (16:16)        -------手工重启
reboot   system boot  3.10.0-327.13.1. Thu Nov 22 14:45 - 18:01  (03:15)    
reboot   system boot  3.10.0-327.13.1. Wed Nov 21 16:53 - 18:01 (1+01:08)   
reboot   system boot  3.10.0-327.13.1. Mon Nov 19 14:03 - 18:01 (3+03:58)   
reboot   system boot  3.10.0-327.13.1. Thu Nov 15 17:30 - 18:01 (7+00:31)   
reboot   system boot  3.10.0-327.13.1. Wed Nov 14 10:42 - 18:01 (8+07:19)   
reboot   system boot  3.10.0-327.13.1. Wed Nov 14 09:44 - 09:50  (00:05)

BIOS配置修改：
1、boot中关闭fast boot
2、boot模式改为legacy，关闭UEFI


```

